// Jest Snapshot v1, https://goo.gl/fbAQLP

exports[`APP should match the snapshot 1`] = `
ShallowWrapper {
  Symbol(enzyme.__root__): [Circular],
  Symbol(enzyme.__unrendered__): <App />,
  Symbol(enzyme.__renderer__): Object {
    "batchedUpdates": [Function],
    "getNode": [Function],
    "render": [Function],
    "simulateError": [Function],
    "simulateEvent": [Function],
    "unmount": [Function],
  },
  Symbol(enzyme.__node__): Object {
    "instance": null,
    "key": undefined,
    "nodeType": "host",
    "props": Object {
      "children": Array [
        <header
          className="App-header"
        >
          <h1
            className="title"
          >
             news-ocracy
          </h1>
          <h5
            className="sub-title"
          >
             seek perspective.  identify bias.  engage in civil discourse. 
          </h5>
        </header>,
        <section
          className="button-container"
        >
          <NavLink
            activeClassName="selected"
            aria-current="page"
            to="/immigration"
          >
            <button
              className="topic-button"
              name="immigration"
              onClick={[Function]}
            >
              Immigration
            </button>
          </NavLink>
          <NavLink
            activeClassName="selected"
            aria-current="page"
            to="/climate"
          >
            <button
              className="topic-button"
              onClick={[Function]}
            >
              Climate Change
            </button>
          </NavLink>
          <NavLink
            activeClassName="selected"
            aria-current="page"
            to="/midterms"
          >
            <button
              className="topic-button"
              onClick={[Function]}
            >
              Midterm Elections
            </button>
          </NavLink>
          <NavLink
            activeClassName="selected"
            aria-current="page"
            to="/healthcare"
          >
            <button
              className="topic-button"
              onClick={[Function]}
            >
              Healthcare
            </button>
          </NavLink>
          <NavLink
            activeClassName="selected"
            aria-current="page"
            to="/refugees"
          >
            <button
              className="topic-button"
              onClick={[Function]}
            >
              Refugees
            </button>
          </NavLink>
        </section>,
        <Switch>
          <Route
            path="/immigration/:id"
            render={[Function]}
          />
          <Route
            path="/climate/:id"
            render={[Function]}
          />
          <Route
            path="/midterms/:id"
            render={[Function]}
          />
          <Route
            path="/healthcare/:id"
            render={[Function]}
          />
          <Route
            path="/refugees/:id"
            render={[Function]}
          />
          <Route
            path="/immigration"
            render={[Function]}
          />
          <Route
            path="/climate"
            render={[Function]}
          />
          <Route
            path="/midterms"
            render={[Function]}
          />
          <Route
            path="/healthcare"
            render={[Function]}
          />
          <Route
            path="/refugees"
            render={[Function]}
          />
          <Redirect
            push={false}
            to="/"
          />
        </Switch>,
      ],
      "className": "App",
    },
    "ref": null,
    "rendered": Array [
      Object {
        "instance": null,
        "key": undefined,
        "nodeType": "host",
        "props": Object {
          "children": Array [
            <h1
              className="title"
            >
               news-ocracy
            </h1>,
            <h5
              className="sub-title"
            >
               seek perspective.  identify bias.  engage in civil discourse. 
            </h5>,
          ],
          "className": "App-header",
        },
        "ref": null,
        "rendered": Array [
          Object {
            "instance": null,
            "key": undefined,
            "nodeType": "host",
            "props": Object {
              "children": " news-ocracy",
              "className": "title",
            },
            "ref": null,
            "rendered": " news-ocracy",
            "type": "h1",
          },
          Object {
            "instance": null,
            "key": undefined,
            "nodeType": "host",
            "props": Object {
              "children": " seek perspective.  identify bias.  engage in civil discourse. ",
              "className": "sub-title",
            },
            "ref": null,
            "rendered": " seek perspective.  identify bias.  engage in civil discourse. ",
            "type": "h5",
          },
        ],
        "type": "header",
      },
      Object {
        "instance": null,
        "key": undefined,
        "nodeType": "host",
        "props": Object {
          "children": Array [
            <NavLink
              activeClassName="selected"
              aria-current="page"
              to="/immigration"
            >
              <button
                className="topic-button"
                name="immigration"
                onClick={[Function]}
              >
                Immigration
              </button>
            </NavLink>,
            <NavLink
              activeClassName="selected"
              aria-current="page"
              to="/climate"
            >
              <button
                className="topic-button"
                onClick={[Function]}
              >
                Climate Change
              </button>
            </NavLink>,
            <NavLink
              activeClassName="selected"
              aria-current="page"
              to="/midterms"
            >
              <button
                className="topic-button"
                onClick={[Function]}
              >
                Midterm Elections
              </button>
            </NavLink>,
            <NavLink
              activeClassName="selected"
              aria-current="page"
              to="/healthcare"
            >
              <button
                className="topic-button"
                onClick={[Function]}
              >
                Healthcare
              </button>
            </NavLink>,
            <NavLink
              activeClassName="selected"
              aria-current="page"
              to="/refugees"
            >
              <button
                className="topic-button"
                onClick={[Function]}
              >
                Refugees
              </button>
            </NavLink>,
          ],
          "className": "button-container",
        },
        "ref": null,
        "rendered": Array [
          Object {
            "instance": null,
            "key": undefined,
            "nodeType": "function",
            "props": Object {
              "activeClassName": "selected",
              "aria-current": "page",
              "children": <button
                className="topic-button"
                name="immigration"
                onClick={[Function]}
              >
                Immigration
              </button>,
              "to": "/immigration",
            },
            "ref": null,
            "rendered": Object {
              "instance": null,
              "key": undefined,
              "nodeType": "host",
              "props": Object {
                "children": "Immigration",
                "className": "topic-button",
                "name": "immigration",
                "onClick": [Function],
              },
              "ref": null,
              "rendered": "Immigration",
              "type": "button",
            },
            "type": [Function],
          },
          Object {
            "instance": null,
            "key": undefined,
            "nodeType": "function",
            "props": Object {
              "activeClassName": "selected",
              "aria-current": "page",
              "children": <button
                className="topic-button"
                onClick={[Function]}
              >
                Climate Change
              </button>,
              "to": "/climate",
            },
            "ref": null,
            "rendered": Object {
              "instance": null,
              "key": undefined,
              "nodeType": "host",
              "props": Object {
                "children": "Climate Change",
                "className": "topic-button",
                "onClick": [Function],
              },
              "ref": null,
              "rendered": "Climate Change",
              "type": "button",
            },
            "type": [Function],
          },
          Object {
            "instance": null,
            "key": undefined,
            "nodeType": "function",
            "props": Object {
              "activeClassName": "selected",
              "aria-current": "page",
              "children": <button
                className="topic-button"
                onClick={[Function]}
              >
                Midterm Elections
              </button>,
              "to": "/midterms",
            },
            "ref": null,
            "rendered": Object {
              "instance": null,
              "key": undefined,
              "nodeType": "host",
              "props": Object {
                "children": "Midterm Elections",
                "className": "topic-button",
                "onClick": [Function],
              },
              "ref": null,
              "rendered": "Midterm Elections",
              "type": "button",
            },
            "type": [Function],
          },
          Object {
            "instance": null,
            "key": undefined,
            "nodeType": "function",
            "props": Object {
              "activeClassName": "selected",
              "aria-current": "page",
              "children": <button
                className="topic-button"
                onClick={[Function]}
              >
                Healthcare
              </button>,
              "to": "/healthcare",
            },
            "ref": null,
            "rendered": Object {
              "instance": null,
              "key": undefined,
              "nodeType": "host",
              "props": Object {
                "children": "Healthcare",
                "className": "topic-button",
                "onClick": [Function],
              },
              "ref": null,
              "rendered": "Healthcare",
              "type": "button",
            },
            "type": [Function],
          },
          Object {
            "instance": null,
            "key": undefined,
            "nodeType": "function",
            "props": Object {
              "activeClassName": "selected",
              "aria-current": "page",
              "children": <button
                className="topic-button"
                onClick={[Function]}
              >
                Refugees
              </button>,
              "to": "/refugees",
            },
            "ref": null,
            "rendered": Object {
              "instance": null,
              "key": undefined,
              "nodeType": "host",
              "props": Object {
                "children": "Refugees",
                "className": "topic-button",
                "onClick": [Function],
              },
              "ref": null,
              "rendered": "Refugees",
              "type": "button",
            },
            "type": [Function],
          },
        ],
        "type": "section",
      },
      Object {
        "instance": null,
        "key": undefined,
        "nodeType": "class",
        "props": Object {
          "children": Array [
            <Route
              path="/immigration/:id"
              render={[Function]}
            />,
            <Route
              path="/climate/:id"
              render={[Function]}
            />,
            <Route
              path="/midterms/:id"
              render={[Function]}
            />,
            <Route
              path="/healthcare/:id"
              render={[Function]}
            />,
            <Route
              path="/refugees/:id"
              render={[Function]}
            />,
            <Route
              path="/immigration"
              render={[Function]}
            />,
            <Route
              path="/climate"
              render={[Function]}
            />,
            <Route
              path="/midterms"
              render={[Function]}
            />,
            <Route
              path="/healthcare"
              render={[Function]}
            />,
            <Route
              path="/refugees"
              render={[Function]}
            />,
            <Redirect
              push={false}
              to="/"
            />,
          ],
        },
        "ref": null,
        "rendered": Array [
          Object {
            "instance": null,
            "key": undefined,
            "nodeType": "class",
            "props": Object {
              "path": "/immigration/:id",
              "render": [Function],
            },
            "ref": null,
            "rendered": null,
            "type": [Function],
          },
          Object {
            "instance": null,
            "key": undefined,
            "nodeType": "class",
            "props": Object {
              "path": "/climate/:id",
              "render": [Function],
            },
            "ref": null,
            "rendered": null,
            "type": [Function],
          },
          Object {
            "instance": null,
            "key": undefined,
            "nodeType": "class",
            "props": Object {
              "path": "/midterms/:id",
              "render": [Function],
            },
            "ref": null,
            "rendered": null,
            "type": [Function],
          },
          Object {
            "instance": null,
            "key": undefined,
            "nodeType": "class",
            "props": Object {
              "path": "/healthcare/:id",
              "render": [Function],
            },
            "ref": null,
            "rendered": null,
            "type": [Function],
          },
          Object {
            "instance": null,
            "key": undefined,
            "nodeType": "class",
            "props": Object {
              "path": "/refugees/:id",
              "render": [Function],
            },
            "ref": null,
            "rendered": null,
            "type": [Function],
          },
          Object {
            "instance": null,
            "key": undefined,
            "nodeType": "class",
            "props": Object {
              "path": "/immigration",
              "render": [Function],
            },
            "ref": null,
            "rendered": null,
            "type": [Function],
          },
          Object {
            "instance": null,
            "key": undefined,
            "nodeType": "class",
            "props": Object {
              "path": "/climate",
              "render": [Function],
            },
            "ref": null,
            "rendered": null,
            "type": [Function],
          },
          Object {
            "instance": null,
            "key": undefined,
            "nodeType": "class",
            "props": Object {
              "path": "/midterms",
              "render": [Function],
            },
            "ref": null,
            "rendered": null,
            "type": [Function],
          },
          Object {
            "instance": null,
            "key": undefined,
            "nodeType": "class",
            "props": Object {
              "path": "/healthcare",
              "render": [Function],
            },
            "ref": null,
            "rendered": null,
            "type": [Function],
          },
          Object {
            "instance": null,
            "key": undefined,
            "nodeType": "class",
            "props": Object {
              "path": "/refugees",
              "render": [Function],
            },
            "ref": null,
            "rendered": null,
            "type": [Function],
          },
          Object {
            "instance": null,
            "key": undefined,
            "nodeType": "class",
            "props": Object {
              "push": false,
              "to": "/",
            },
            "ref": null,
            "rendered": null,
            "type": [Function],
          },
        ],
        "type": [Function],
      },
    ],
    "type": "div",
  },
  Symbol(enzyme.__nodes__): Array [
    Object {
      "instance": null,
      "key": undefined,
      "nodeType": "host",
      "props": Object {
        "children": Array [
          <header
            className="App-header"
          >
            <h1
              className="title"
            >
               news-ocracy
            </h1>
            <h5
              className="sub-title"
            >
               seek perspective.  identify bias.  engage in civil discourse. 
            </h5>
          </header>,
          <section
            className="button-container"
          >
            <NavLink
              activeClassName="selected"
              aria-current="page"
              to="/immigration"
            >
              <button
                className="topic-button"
                name="immigration"
                onClick={[Function]}
              >
                Immigration
              </button>
            </NavLink>
            <NavLink
              activeClassName="selected"
              aria-current="page"
              to="/climate"
            >
              <button
                className="topic-button"
                onClick={[Function]}
              >
                Climate Change
              </button>
            </NavLink>
            <NavLink
              activeClassName="selected"
              aria-current="page"
              to="/midterms"
            >
              <button
                className="topic-button"
                onClick={[Function]}
              >
                Midterm Elections
              </button>
            </NavLink>
            <NavLink
              activeClassName="selected"
              aria-current="page"
              to="/healthcare"
            >
              <button
                className="topic-button"
                onClick={[Function]}
              >
                Healthcare
              </button>
            </NavLink>
            <NavLink
              activeClassName="selected"
              aria-current="page"
              to="/refugees"
            >
              <button
                className="topic-button"
                onClick={[Function]}
              >
                Refugees
              </button>
            </NavLink>
          </section>,
          <Switch>
            <Route
              path="/immigration/:id"
              render={[Function]}
            />
            <Route
              path="/climate/:id"
              render={[Function]}
            />
            <Route
              path="/midterms/:id"
              render={[Function]}
            />
            <Route
              path="/healthcare/:id"
              render={[Function]}
            />
            <Route
              path="/refugees/:id"
              render={[Function]}
            />
            <Route
              path="/immigration"
              render={[Function]}
            />
            <Route
              path="/climate"
              render={[Function]}
            />
            <Route
              path="/midterms"
              render={[Function]}
            />
            <Route
              path="/healthcare"
              render={[Function]}
            />
            <Route
              path="/refugees"
              render={[Function]}
            />
            <Redirect
              push={false}
              to="/"
            />
          </Switch>,
        ],
        "className": "App",
      },
      "ref": null,
      "rendered": Array [
        Object {
          "instance": null,
          "key": undefined,
          "nodeType": "host",
          "props": Object {
            "children": Array [
              <h1
                className="title"
              >
                 news-ocracy
              </h1>,
              <h5
                className="sub-title"
              >
                 seek perspective.  identify bias.  engage in civil discourse. 
              </h5>,
            ],
            "className": "App-header",
          },
          "ref": null,
          "rendered": Array [
            Object {
              "instance": null,
              "key": undefined,
              "nodeType": "host",
              "props": Object {
                "children": " news-ocracy",
                "className": "title",
              },
              "ref": null,
              "rendered": " news-ocracy",
              "type": "h1",
            },
            Object {
              "instance": null,
              "key": undefined,
              "nodeType": "host",
              "props": Object {
                "children": " seek perspective.  identify bias.  engage in civil discourse. ",
                "className": "sub-title",
              },
              "ref": null,
              "rendered": " seek perspective.  identify bias.  engage in civil discourse. ",
              "type": "h5",
            },
          ],
          "type": "header",
        },
        Object {
          "instance": null,
          "key": undefined,
          "nodeType": "host",
          "props": Object {
            "children": Array [
              <NavLink
                activeClassName="selected"
                aria-current="page"
                to="/immigration"
              >
                <button
                  className="topic-button"
                  name="immigration"
                  onClick={[Function]}
                >
                  Immigration
                </button>
              </NavLink>,
              <NavLink
                activeClassName="selected"
                aria-current="page"
                to="/climate"
              >
                <button
                  className="topic-button"
                  onClick={[Function]}
                >
                  Climate Change
                </button>
              </NavLink>,
              <NavLink
                activeClassName="selected"
                aria-current="page"
                to="/midterms"
              >
                <button
                  className="topic-button"
                  onClick={[Function]}
                >
                  Midterm Elections
                </button>
              </NavLink>,
              <NavLink
                activeClassName="selected"
                aria-current="page"
                to="/healthcare"
              >
                <button
                  className="topic-button"
                  onClick={[Function]}
                >
                  Healthcare
                </button>
              </NavLink>,
              <NavLink
                activeClassName="selected"
                aria-current="page"
                to="/refugees"
              >
                <button
                  className="topic-button"
                  onClick={[Function]}
                >
                  Refugees
                </button>
              </NavLink>,
            ],
            "className": "button-container",
          },
          "ref": null,
          "rendered": Array [
            Object {
              "instance": null,
              "key": undefined,
              "nodeType": "function",
              "props": Object {
                "activeClassName": "selected",
                "aria-current": "page",
                "children": <button
                  className="topic-button"
                  name="immigration"
                  onClick={[Function]}
                >
                  Immigration
                </button>,
                "to": "/immigration",
              },
              "ref": null,
              "rendered": Object {
                "instance": null,
                "key": undefined,
                "nodeType": "host",
                "props": Object {
                  "children": "Immigration",
                  "className": "topic-button",
                  "name": "immigration",
                  "onClick": [Function],
                },
                "ref": null,
                "rendered": "Immigration",
                "type": "button",
              },
              "type": [Function],
            },
            Object {
              "instance": null,
              "key": undefined,
              "nodeType": "function",
              "props": Object {
                "activeClassName": "selected",
                "aria-current": "page",
                "children": <button
                  className="topic-button"
                  onClick={[Function]}
                >
                  Climate Change
                </button>,
                "to": "/climate",
              },
              "ref": null,
              "rendered": Object {
                "instance": null,
                "key": undefined,
                "nodeType": "host",
                "props": Object {
                  "children": "Climate Change",
                  "className": "topic-button",
                  "onClick": [Function],
                },
                "ref": null,
                "rendered": "Climate Change",
                "type": "button",
              },
              "type": [Function],
            },
            Object {
              "instance": null,
              "key": undefined,
              "nodeType": "function",
              "props": Object {
                "activeClassName": "selected",
                "aria-current": "page",
                "children": <button
                  className="topic-button"
                  onClick={[Function]}
                >
                  Midterm Elections
                </button>,
                "to": "/midterms",
              },
              "ref": null,
              "rendered": Object {
                "instance": null,
                "key": undefined,
                "nodeType": "host",
                "props": Object {
                  "children": "Midterm Elections",
                  "className": "topic-button",
                  "onClick": [Function],
                },
                "ref": null,
                "rendered": "Midterm Elections",
                "type": "button",
              },
              "type": [Function],
            },
            Object {
              "instance": null,
              "key": undefined,
              "nodeType": "function",
              "props": Object {
                "activeClassName": "selected",
                "aria-current": "page",
                "children": <button
                  className="topic-button"
                  onClick={[Function]}
                >
                  Healthcare
                </button>,
                "to": "/healthcare",
              },
              "ref": null,
              "rendered": Object {
                "instance": null,
                "key": undefined,
                "nodeType": "host",
                "props": Object {
                  "children": "Healthcare",
                  "className": "topic-button",
                  "onClick": [Function],
                },
                "ref": null,
                "rendered": "Healthcare",
                "type": "button",
              },
              "type": [Function],
            },
            Object {
              "instance": null,
              "key": undefined,
              "nodeType": "function",
              "props": Object {
                "activeClassName": "selected",
                "aria-current": "page",
                "children": <button
                  className="topic-button"
                  onClick={[Function]}
                >
                  Refugees
                </button>,
                "to": "/refugees",
              },
              "ref": null,
              "rendered": Object {
                "instance": null,
                "key": undefined,
                "nodeType": "host",
                "props": Object {
                  "children": "Refugees",
                  "className": "topic-button",
                  "onClick": [Function],
                },
                "ref": null,
                "rendered": "Refugees",
                "type": "button",
              },
              "type": [Function],
            },
          ],
          "type": "section",
        },
        Object {
          "instance": null,
          "key": undefined,
          "nodeType": "class",
          "props": Object {
            "children": Array [
              <Route
                path="/immigration/:id"
                render={[Function]}
              />,
              <Route
                path="/climate/:id"
                render={[Function]}
              />,
              <Route
                path="/midterms/:id"
                render={[Function]}
              />,
              <Route
                path="/healthcare/:id"
                render={[Function]}
              />,
              <Route
                path="/refugees/:id"
                render={[Function]}
              />,
              <Route
                path="/immigration"
                render={[Function]}
              />,
              <Route
                path="/climate"
                render={[Function]}
              />,
              <Route
                path="/midterms"
                render={[Function]}
              />,
              <Route
                path="/healthcare"
                render={[Function]}
              />,
              <Route
                path="/refugees"
                render={[Function]}
              />,
              <Redirect
                push={false}
                to="/"
              />,
            ],
          },
          "ref": null,
          "rendered": Array [
            Object {
              "instance": null,
              "key": undefined,
              "nodeType": "class",
              "props": Object {
                "path": "/immigration/:id",
                "render": [Function],
              },
              "ref": null,
              "rendered": null,
              "type": [Function],
            },
            Object {
              "instance": null,
              "key": undefined,
              "nodeType": "class",
              "props": Object {
                "path": "/climate/:id",
                "render": [Function],
              },
              "ref": null,
              "rendered": null,
              "type": [Function],
            },
            Object {
              "instance": null,
              "key": undefined,
              "nodeType": "class",
              "props": Object {
                "path": "/midterms/:id",
                "render": [Function],
              },
              "ref": null,
              "rendered": null,
              "type": [Function],
            },
            Object {
              "instance": null,
              "key": undefined,
              "nodeType": "class",
              "props": Object {
                "path": "/healthcare/:id",
                "render": [Function],
              },
              "ref": null,
              "rendered": null,
              "type": [Function],
            },
            Object {
              "instance": null,
              "key": undefined,
              "nodeType": "class",
              "props": Object {
                "path": "/refugees/:id",
                "render": [Function],
              },
              "ref": null,
              "rendered": null,
              "type": [Function],
            },
            Object {
              "instance": null,
              "key": undefined,
              "nodeType": "class",
              "props": Object {
                "path": "/immigration",
                "render": [Function],
              },
              "ref": null,
              "rendered": null,
              "type": [Function],
            },
            Object {
              "instance": null,
              "key": undefined,
              "nodeType": "class",
              "props": Object {
                "path": "/climate",
                "render": [Function],
              },
              "ref": null,
              "rendered": null,
              "type": [Function],
            },
            Object {
              "instance": null,
              "key": undefined,
              "nodeType": "class",
              "props": Object {
                "path": "/midterms",
                "render": [Function],
              },
              "ref": null,
              "rendered": null,
              "type": [Function],
            },
            Object {
              "instance": null,
              "key": undefined,
              "nodeType": "class",
              "props": Object {
                "path": "/healthcare",
                "render": [Function],
              },
              "ref": null,
              "rendered": null,
              "type": [Function],
            },
            Object {
              "instance": null,
              "key": undefined,
              "nodeType": "class",
              "props": Object {
                "path": "/refugees",
                "render": [Function],
              },
              "ref": null,
              "rendered": null,
              "type": [Function],
            },
            Object {
              "instance": null,
              "key": undefined,
              "nodeType": "class",
              "props": Object {
                "push": false,
                "to": "/",
              },
              "ref": null,
              "rendered": null,
              "type": [Function],
            },
          ],
          "type": [Function],
        },
      ],
      "type": "div",
    },
  ],
  Symbol(enzyme.__options__): Object {
    "adapter": ReactSixteenAdapter {
      "options": Object {
        "enableComponentDidUpdateOnSetState": true,
        "lifecycles": Object {
          "componentDidUpdate": Object {
            "onSetState": true,
          },
          "getDerivedStateFromProps": true,
          "getSnapshotBeforeUpdate": true,
          "setState": Object {
            "skipsComponentDidUpdateOnNullish": true,
          },
        },
      },
    },
  },
}
`;
